// Jest Snapshot v1, https://goo.gl/fbAQLP

exports[`Palette Compnenet should test the Footer Snapshot  1`] = `ShallowWrapper {}`;
